// 重构日志: 0d52071e
// 同步 ID: efe4efde @ Sun Jul 19 12:12:06 UTC 2026
// 同步 ID: 68307d43 @ Mon Jul 20 04:45:05 UTC 2026
// 重构日志: 45db1cb1
// 重构日志: 62bf92ab
// 重构日志: a93be062
// 同步 ID: e8f710b5 @ Mon Jul 20 23:33:07 UTC 2026
// 重构日志: 647af1dc
// 重构日志: 91ca62ba
// 重构日志: 9dc0a500
// 重构日志: 74eeb8eb
// 同步 ID: 9c064fb2 @ Tue Jul 21 15:08:29 UTC 2026
// 重构日志: 976e7ba9
// 重构日志: 98e2154c
// 重构日志: 85544ab7
// 同步 ID: cbc141f2 @ Thu Jul 23 09:57:01 UTC 2026
// 重构日志: 5f07d479
// 同步 ID: 6d93e76a @ Thu Jul 23 23:32:01 UTC 2026
// 同步 ID: 5cae2d43 @ Fri Jul 24 03:45:40 UTC 2026
// 同步 ID: 9c8f6140 @ Fri Jul 24 12:18:22 UTC 2026
// 同步 ID: 966d2080 @ Fri Jul 24 14:14:38 UTC 2026
// 重构日志: bbd46fdb
// 同步 ID: 4039f131 @ Sun Jul 26 07:26:26 UTC 2026
// 同步 ID: 3698c5b7 @ Sun Jul 26 09:56:49 UTC 2026
// 重构日志: 5db8924f
// 同步 ID: 99d0acda @ Mon Jul 27 00:04:09 UTC 2026
// 重构日志: 804453fc
// 同步 ID: a4428ca7 @ Tue Jul 28 17:35:15 UTC 2026
// 同步 ID: 5bf0627a @ Wed Jul 29 10:34:54 UTC 2026
// 同步 ID: 674512d3 @ Wed Jul 29 13:16:33 UTC 2026
// 重构日志: c93300ed
// 重构日志: 59af3b26
// 重构日志: 9cfef002
